// Jest Snapshot v1, https://goo.gl/fbAQLP

exports[`Enhanced Pagination should match snapshot with some default attributes 1`] = `
<nav
  aria-label="Pagination Navigation"
  className="pagination clearfix "
  role="navigation"
>
  <ul
    className="pagination__list"
  >
    <li
      aria-label="Go to previous page"
      className="pagination__item"
    >
      <a
        className="pagination__link"
        href="#previous"
      >
        Previous page
      </a>
    </li>
    <li
      className="pagination__item"
      key="1"
    >
      <a
        className="pagination__link"
        id="page-object-missing"
      >
        1
      </a>
    </li>
    <li
      className="pagination__item pagination__item--spacer"
      key="null-1"
    >
      <span>
        <span>
          …
        </span>
      </span>
    </li>
    <li
      className="pagination__item"
      key="31"
    >
      <a
        className="pagination__link"
        id="page-object-missing"
      >
        31
      </a>
    </li>
    <li
      className="pagination__item pagination__item--current"
      key="32"
    >
      <span>
        <span
          className="visually-hidden"
        >
          Current page 
        </span>
        32
      </span>
    </li>
    <li
      className="pagination__item"
      key="33"
    >
      <a
        className="pagination__link"
        id="page-object-missing"
      >
        33
      </a>
    </li>
    <li
      className="pagination__item pagination__item--spacer"
      key="null-5"
    >
      <span>
        <span>
          …
        </span>
      </span>
    </li>
    <li
      className="pagination__item"
      key="49"
    >
      <a
        className="pagination__link"
        id="page-object-missing"
      >
        49
      </a>
    </li>
    <li
      aria-label="Go to next page"
      className="pagination__item"
    >
      <a
        className="pagination__link"
        href="#next"
      >
        Next page
      </a>
    </li>
  </ul>
</nav>
`;
