// Jest Snapshot v1, https://goo.gl/fbAQLP

exports[`Hero should match the snapshot with props 1`] = `
<div
  className="hero"
>
  <div
    className="hero__container"
  >
    <p>
      Header content
    </p>
    <div
      className="hero__body"
    >
      <div
        className="hero__copy"
      >
        <h1
          className="hero__title"
        >
          Welcoming title
        </h1>
        <p
          className="hero__intro"
        >
          Introduction text
        </p>
        <div
          className="hero__actions"
        >
          <a
            href="page-one"
          >
            Go to page one
          </a>
          <a
            href="page-two"
          >
            Go to page two
          </a>
        </div>
      </div>
      <div
        className="hero__extra"
      >
        <h2>
          Quick links
        </h2>
        <ul>
          <li>
            <a
              href="page-one"
            >
              Go to page one
            </a>
          </li>
          <li>
            <ul>
              <li>
                <a
                  href="page-two"
                >
                  Go to page two
                </a>
              </li>
            </ul>
          </li>
          <li>
            <a
              href="page-three"
            >
              Go to page three
            </a>
          </li>
        </ul>
      </div>
    </div>
    <div
      className="hero__footer"
    >
      <p>
        Footer content
      </p>
    </div>
  </div>
</div>
`;
