// Jest Snapshot v1, https://goo.gl/fbAQLP

exports[`Tabs should match the snapshot with default content 1`] = `
<Tabs>
  <div
    className="tabs js"
  >
    <ul
      className="tabs__list"
      role="tablist"
    >
      <li
        className="tabs__tab"
        key="tab-1"
        role="presentation"
      >
        <button
          aria-controls="tab-pane-tab-1"
          aria-selected={true}
          className="tabs__tab-btn"
          id="tab-button-tab-1"
          onClick={[Function]}
          onKeyDown={[Function]}
          role="tab"
          type="button"
        >
          Tab 1
        </button>
      </li>
      <li
        className="tabs__tab"
        key="tab-2"
        role="presentation"
      >
        <button
          aria-controls="tab-pane-tab-2"
          aria-selected={false}
          className="tabs__tab-btn"
          id="tab-button-tab-2"
          onClick={[Function]}
          onKeyDown={[Function]}
          role="tab"
          type="button"
        >
          Tab 2
        </button>
      </li>
      <li
        className="tabs__tab"
        key="tab-3"
        role="presentation"
      >
        <button
          aria-controls="tab-pane-tab-3"
          aria-selected={false}
          className="tabs__tab-btn"
          id="tab-button-tab-3"
          onClick={[Function]}
          onKeyDown={[Function]}
          role="tab"
          type="button"
        >
          Tab 3
        </button>
      </li>
    </ul>
    <div
      className="tabs__content"
    >
      <div
        aria-hidden={false}
        aria-labelledby="tab-button-tab-1"
        className="tabs__pane"
        id="tab-pane-tab-1"
        key="tab-1"
        role="tabpanel"
      >
        <p>
          Tab one content
        </p>
      </div>
      <div
        aria-hidden={true}
        aria-labelledby="tab-button-tab-2"
        className="tabs__pane"
        id="tab-pane-tab-2"
        key="tab-2"
        role="tabpanel"
      >
        <p>
          Tab two content
        </p>
      </div>
      <div
        aria-hidden={true}
        aria-labelledby="tab-button-tab-3"
        className="tabs__pane"
        id="tab-pane-tab-3"
        key="tab-3"
        role="tabpanel"
      >
        <p>
          Tab three content
        </p>
      </div>
    </div>
  </div>
</Tabs>
`;
