// Jest Snapshot v1, https://goo.gl/fbAQLP

exports[`Alphabet should match snapshot 1`] = `
{
  "asFragment": [Function],
  "baseElement": <body>
    <div>
      <ol
        class="alphabet  "
        id="a-to-z"
      >
        <li
          class="alphabet__letter "
        >
          <a
            aria-label="Letter a"
            href="#a"
          >
            A
          </a>
        </li>
        <li
          class="alphabet__letter "
        >
          <a
            aria-label="Letter b"
            href="#b"
          >
            B
          </a>
        </li>
        <li
          class="alphabet__letter "
        >
          <a
            aria-label="Letter c"
            href="#c"
          >
            C
          </a>
        </li>
        <li
          class="alphabet__letter "
        >
          <a
            aria-label="Letter d"
            href="#d"
          >
            D
          </a>
        </li>
        <li
          class="alphabet__letter "
        >
          <a
            aria-label="Letter e"
            href="#e"
          >
            E
          </a>
        </li>
        <li
          class="alphabet__letter "
        >
          <a
            aria-label="Letter f"
            href="#f"
          >
            F
          </a>
        </li>
        <li
          class="alphabet__letter "
        >
          <a
            aria-label="Letter g"
            href="#g"
          >
            G
          </a>
        </li>
        <li
          class="alphabet__letter "
        >
          <a
            aria-label="Letter h"
            href="#h"
          >
            H
          </a>
        </li>
        <li
          class="alphabet__letter "
        >
          <a
            aria-label="Letter i"
            href="#i"
          >
            I
          </a>
        </li>
        <li
          class="alphabet__letter "
        >
          <a
            aria-label="Letter j"
            href="#j"
          >
            J
          </a>
        </li>
        <li
          class="alphabet__letter "
        >
          <a
            aria-label="Letter k"
            href="#k"
          >
            K
          </a>
        </li>
        <li
          class="alphabet__letter "
        >
          <a
            aria-label="Letter l"
            href="#l"
          >
            L
          </a>
        </li>
        <li
          class="alphabet__letter "
        >
          <a
            aria-label="Letter m"
            href="#m"
          >
            M
          </a>
        </li>
        <li
          class="alphabet__letter "
        >
          <a
            aria-label="Letter n"
            href="#n"
          >
            N
          </a>
        </li>
        <li
          class="alphabet__letter "
        >
          <a
            aria-label="Letter o"
            href="#o"
          >
            O
          </a>
        </li>
        <li
          class="alphabet__letter "
        >
          <a
            aria-label="Letter p"
            href="#p"
          >
            P
          </a>
        </li>
        <li
          class="alphabet__letter "
        >
          <a
            aria-label="Letter q"
            href="#q"
          >
            Q
          </a>
        </li>
        <li
          class="alphabet__letter "
        >
          <a
            aria-label="Letter r"
            href="#r"
          >
            R
          </a>
        </li>
        <li
          class="alphabet__letter "
        >
          <a
            aria-label="Letter s"
            href="#s"
          >
            S
          </a>
        </li>
        <li
          class="alphabet__letter "
        >
          <a
            aria-label="Letter t"
            href="#t"
          >
            T
          </a>
        </li>
        <li
          class="alphabet__letter "
        >
          <a
            aria-label="Letter u"
            href="#u"
          >
            U
          </a>
        </li>
        <li
          class="alphabet__letter "
        >
          <a
            aria-label="Letter v"
            href="#v"
          >
            V
          </a>
        </li>
        <li
          class="alphabet__letter "
        >
          <a
            aria-label="Letter w"
            href="#w"
          >
            W
          </a>
        </li>
        <li
          class="alphabet__letter "
        >
          <a
            aria-label="Letter x"
            href="#x"
          >
            X
          </a>
        </li>
        <li
          class="alphabet__letter "
        >
          <a
            aria-label="Letter y"
            href="#y"
          >
            Y
          </a>
        </li>
        <li
          class="alphabet__letter "
        >
          <a
            aria-label="Letter z"
            href="#z"
          >
            Z
          </a>
        </li>
      </ol>
    </div>
  </body>,
  "container": <div>
    <ol
      class="alphabet  "
      id="a-to-z"
    >
      <li
        class="alphabet__letter "
      >
        <a
          aria-label="Letter a"
          href="#a"
        >
          A
        </a>
      </li>
      <li
        class="alphabet__letter "
      >
        <a
          aria-label="Letter b"
          href="#b"
        >
          B
        </a>
      </li>
      <li
        class="alphabet__letter "
      >
        <a
          aria-label="Letter c"
          href="#c"
        >
          C
        </a>
      </li>
      <li
        class="alphabet__letter "
      >
        <a
          aria-label="Letter d"
          href="#d"
        >
          D
        </a>
      </li>
      <li
        class="alphabet__letter "
      >
        <a
          aria-label="Letter e"
          href="#e"
        >
          E
        </a>
      </li>
      <li
        class="alphabet__letter "
      >
        <a
          aria-label="Letter f"
          href="#f"
        >
          F
        </a>
      </li>
      <li
        class="alphabet__letter "
      >
        <a
          aria-label="Letter g"
          href="#g"
        >
          G
        </a>
      </li>
      <li
        class="alphabet__letter "
      >
        <a
          aria-label="Letter h"
          href="#h"
        >
          H
        </a>
      </li>
      <li
        class="alphabet__letter "
      >
        <a
          aria-label="Letter i"
          href="#i"
        >
          I
        </a>
      </li>
      <li
        class="alphabet__letter "
      >
        <a
          aria-label="Letter j"
          href="#j"
        >
          J
        </a>
      </li>
      <li
        class="alphabet__letter "
      >
        <a
          aria-label="Letter k"
          href="#k"
        >
          K
        </a>
      </li>
      <li
        class="alphabet__letter "
      >
        <a
          aria-label="Letter l"
          href="#l"
        >
          L
        </a>
      </li>
      <li
        class="alphabet__letter "
      >
        <a
          aria-label="Letter m"
          href="#m"
        >
          M
        </a>
      </li>
      <li
        class="alphabet__letter "
      >
        <a
          aria-label="Letter n"
          href="#n"
        >
          N
        </a>
      </li>
      <li
        class="alphabet__letter "
      >
        <a
          aria-label="Letter o"
          href="#o"
        >
          O
        </a>
      </li>
      <li
        class="alphabet__letter "
      >
        <a
          aria-label="Letter p"
          href="#p"
        >
          P
        </a>
      </li>
      <li
        class="alphabet__letter "
      >
        <a
          aria-label="Letter q"
          href="#q"
        >
          Q
        </a>
      </li>
      <li
        class="alphabet__letter "
      >
        <a
          aria-label="Letter r"
          href="#r"
        >
          R
        </a>
      </li>
      <li
        class="alphabet__letter "
      >
        <a
          aria-label="Letter s"
          href="#s"
        >
          S
        </a>
      </li>
      <li
        class="alphabet__letter "
      >
        <a
          aria-label="Letter t"
          href="#t"
        >
          T
        </a>
      </li>
      <li
        class="alphabet__letter "
      >
        <a
          aria-label="Letter u"
          href="#u"
        >
          U
        </a>
      </li>
      <li
        class="alphabet__letter "
      >
        <a
          aria-label="Letter v"
          href="#v"
        >
          V
        </a>
      </li>
      <li
        class="alphabet__letter "
      >
        <a
          aria-label="Letter w"
          href="#w"
        >
          W
        </a>
      </li>
      <li
        class="alphabet__letter "
      >
        <a
          aria-label="Letter x"
          href="#x"
        >
          X
        </a>
      </li>
      <li
        class="alphabet__letter "
      >
        <a
          aria-label="Letter y"
          href="#y"
        >
          Y
        </a>
      </li>
      <li
        class="alphabet__letter "
      >
        <a
          aria-label="Letter z"
          href="#z"
        >
          Z
        </a>
      </li>
    </ol>
  </div>,
  "debug": [Function],
  "findAllByAltText": [Function],
  "findAllByDisplayValue": [Function],
  "findAllByLabelText": [Function],
  "findAllByPlaceholderText": [Function],
  "findAllByRole": [Function],
  "findAllByTestId": [Function],
  "findAllByText": [Function],
  "findAllByTitle": [Function],
  "findByAltText": [Function],
  "findByDisplayValue": [Function],
  "findByLabelText": [Function],
  "findByPlaceholderText": [Function],
  "findByRole": [Function],
  "findByTestId": [Function],
  "findByText": [Function],
  "findByTitle": [Function],
  "getAllByAltText": [Function],
  "getAllByDisplayValue": [Function],
  "getAllByLabelText": [Function],
  "getAllByPlaceholderText": [Function],
  "getAllByRole": [Function],
  "getAllByTestId": [Function],
  "getAllByText": [Function],
  "getAllByTitle": [Function],
  "getByAltText": [Function],
  "getByDisplayValue": [Function],
  "getByLabelText": [Function],
  "getByPlaceholderText": [Function],
  "getByRole": [Function],
  "getByTestId": [Function],
  "getByText": [Function],
  "getByTitle": [Function],
  "queryAllByAltText": [Function],
  "queryAllByDisplayValue": [Function],
  "queryAllByLabelText": [Function],
  "queryAllByPlaceholderText": [Function],
  "queryAllByRole": [Function],
  "queryAllByTestId": [Function],
  "queryAllByText": [Function],
  "queryAllByTitle": [Function],
  "queryByAltText": [Function],
  "queryByDisplayValue": [Function],
  "queryByLabelText": [Function],
  "queryByPlaceholderText": [Function],
  "queryByRole": [Function],
  "queryByTestId": [Function],
  "queryByText": [Function],
  "queryByTitle": [Function],
  "rerender": [Function],
  "unmount": [Function],
}
`;
