// Jest Snapshot v1, https://goo.gl/fbAQLP

exports[`@nice-digital/nds-button should match snapshot 1`] = `
<button
  className="btn"
  type="button"
>
  Example
</button>
`;
