// Jest Snapshot v1, https://goo.gl/fbAQLP

exports[`FormGroup should match the snapshot when all possible props are passed 1`] = `
<fieldset
  className="form-group"
>
  <legend
    className="form-group__legend"
  >
    This is the legend text
  </legend>
  <p
    className="form-group__error-message"
  >
    This is the error text
  </p>
  <p
    className="form-group__hint"
  >
    This is the hint text
  </p>
  <span
    inline={false}
    name="group-name"
  >
    Render
  </span>
</fieldset>
`;

exports[`FormGroup should match the snapshot when no props are passed 1`] = `
<fieldset
  className="form-group form-group--no-legend"
>
  <span>
    Render
  </span>
</fieldset>
`;
