// Jest Snapshot v1, https://goo.gl/fbAQLP

exports[`GridItem should match snapshot 1`] = `
<GridItem
  cols={6}
  elementType="div"
>
  <div
    data-g="6"
  >
    Test
  </div>
</GridItem>
`;
