// Jest Snapshot v1, https://goo.gl/fbAQLP

exports[`Callout component should match the snapshot 1`] = `
<Callout
  data-track={false}
>
  <div
    className="callout"
    data-track={false}
  >
    <CalloutImage>
      <div
        className="callout__image"
      >
        <MaintainRatio
          ratio="16:9"
          stretchFirstChild={false}
        >
          <div
            className="maintain-ratio maintain-ratio--16-9"
          >
            <img
              alt=""
              src="test.jpg"
            />
          </div>
        </MaintainRatio>
      </div>
    </CalloutImage>
    <CalloutBody>
      <div
        className="callout__body"
      >
        <h2>
          <a
            href="/test"
          >
            Card title
          </a>
        </h2>
        <p>
          Lorem ipsum dolor sit amet, consectetur adipisicing elit. Excepturi, veniam?
        </p>
      </div>
    </CalloutBody>
  </div>
</Callout>
`;
