// Jest Snapshot v1, https://goo.gl/fbAQLP

exports[`Tabs should match the snapshot with default content 1`] = `
{
  "asFragment": [Function],
  "baseElement": <body>
    <div>
      <div
        class="tabs js"
      >
        <ul
          class="tabs__list"
          role="tablist"
        >
          <li
            class="tabs__tab"
            role="presentation"
          >
            <button
              aria-controls="tab-pane-tab-1"
              aria-selected="true"
              class="tabs__tab-btn"
              data-hash="tab-1"
              id="tab-button-tab-1"
              role="tab"
              type="button"
            >
              Tab 1
            </button>
          </li>
          <li
            class="tabs__tab"
            role="presentation"
          >
            <button
              aria-controls="tab-pane-tab-2"
              aria-selected="false"
              class="tabs__tab-btn"
              data-hash="tab-2"
              id="tab-button-tab-2"
              role="tab"
              type="button"
            >
              Tab 2
            </button>
          </li>
          <li
            class="tabs__tab"
            role="presentation"
          >
            <button
              aria-controls="tab-pane-tab-3"
              aria-selected="false"
              class="tabs__tab-btn"
              data-hash="tab-3"
              id="tab-button-tab-3"
              role="tab"
              type="button"
            >
              Tab 3
            </button>
          </li>
        </ul>
        <div
          class="tabs__content"
        >
          <div
            aria-hidden="false"
            aria-labelledby="tab-button-tab-1"
            class="tabs__pane"
            id="tab-pane-tab-1"
            role="tabpanel"
          >
            <p>
              Tab one content
            </p>
          </div>
          <div
            aria-hidden="true"
            aria-labelledby="tab-button-tab-2"
            class="tabs__pane"
            id="tab-pane-tab-2"
            role="tabpanel"
          >
            <p>
              Tab two content
            </p>
          </div>
          <div
            aria-hidden="true"
            aria-labelledby="tab-button-tab-3"
            class="tabs__pane"
            id="tab-pane-tab-3"
            role="tabpanel"
          >
            <p>
              Tab three content
            </p>
          </div>
        </div>
      </div>
    </div>
  </body>,
  "container": <div>
    <div
      class="tabs js"
    >
      <ul
        class="tabs__list"
        role="tablist"
      >
        <li
          class="tabs__tab"
          role="presentation"
        >
          <button
            aria-controls="tab-pane-tab-1"
            aria-selected="true"
            class="tabs__tab-btn"
            data-hash="tab-1"
            id="tab-button-tab-1"
            role="tab"
            type="button"
          >
            Tab 1
          </button>
        </li>
        <li
          class="tabs__tab"
          role="presentation"
        >
          <button
            aria-controls="tab-pane-tab-2"
            aria-selected="false"
            class="tabs__tab-btn"
            data-hash="tab-2"
            id="tab-button-tab-2"
            role="tab"
            type="button"
          >
            Tab 2
          </button>
        </li>
        <li
          class="tabs__tab"
          role="presentation"
        >
          <button
            aria-controls="tab-pane-tab-3"
            aria-selected="false"
            class="tabs__tab-btn"
            data-hash="tab-3"
            id="tab-button-tab-3"
            role="tab"
            type="button"
          >
            Tab 3
          </button>
        </li>
      </ul>
      <div
        class="tabs__content"
      >
        <div
          aria-hidden="false"
          aria-labelledby="tab-button-tab-1"
          class="tabs__pane"
          id="tab-pane-tab-1"
          role="tabpanel"
        >
          <p>
            Tab one content
          </p>
        </div>
        <div
          aria-hidden="true"
          aria-labelledby="tab-button-tab-2"
          class="tabs__pane"
          id="tab-pane-tab-2"
          role="tabpanel"
        >
          <p>
            Tab two content
          </p>
        </div>
        <div
          aria-hidden="true"
          aria-labelledby="tab-button-tab-3"
          class="tabs__pane"
          id="tab-pane-tab-3"
          role="tabpanel"
        >
          <p>
            Tab three content
          </p>
        </div>
      </div>
    </div>
  </div>,
  "debug": [Function],
  "findAllByAltText": [Function],
  "findAllByDisplayValue": [Function],
  "findAllByLabelText": [Function],
  "findAllByPlaceholderText": [Function],
  "findAllByRole": [Function],
  "findAllByTestId": [Function],
  "findAllByText": [Function],
  "findAllByTitle": [Function],
  "findByAltText": [Function],
  "findByDisplayValue": [Function],
  "findByLabelText": [Function],
  "findByPlaceholderText": [Function],
  "findByRole": [Function],
  "findByTestId": [Function],
  "findByText": [Function],
  "findByTitle": [Function],
  "getAllByAltText": [Function],
  "getAllByDisplayValue": [Function],
  "getAllByLabelText": [Function],
  "getAllByPlaceholderText": [Function],
  "getAllByRole": [Function],
  "getAllByTestId": [Function],
  "getAllByText": [Function],
  "getAllByTitle": [Function],
  "getByAltText": [Function],
  "getByDisplayValue": [Function],
  "getByLabelText": [Function],
  "getByPlaceholderText": [Function],
  "getByRole": [Function],
  "getByTestId": [Function],
  "getByText": [Function],
  "getByTitle": [Function],
  "queryAllByAltText": [Function],
  "queryAllByDisplayValue": [Function],
  "queryAllByLabelText": [Function],
  "queryAllByPlaceholderText": [Function],
  "queryAllByRole": [Function],
  "queryAllByTestId": [Function],
  "queryAllByText": [Function],
  "queryAllByTitle": [Function],
  "queryByAltText": [Function],
  "queryByDisplayValue": [Function],
  "queryByLabelText": [Function],
  "queryByPlaceholderText": [Function],
  "queryByRole": [Function],
  "queryByTestId": [Function],
  "queryByText": [Function],
  "queryByTitle": [Function],
  "rerender": [Function],
  "unmount": [Function],
}
`;
